document: enclosed_array

enclosed:
  - enclosedString.dim
  - enclosedArray.dim
