document: miscellaneous

MISC_R0:
  miscellaneous:

MISC_R1:
  miscellaneous: First test.

MISC_R2:
  miscellaneous: x x x x x x x x x x x x x x x x x x x x x x x x x x x x x x x x x x x x x x x x x x x x x x x x x x x x
                 y
