document: one_liners

REQ_0a:                     info In total 150 chars in one-liner......................................................................................

REQ_0b:
  type: information
  text:                     In total 150 chars in
                            one-liner......................................................................................
  tags:
  comment:

REQ_0c:
  type: information
  text:                     In total 151 chars in
                            one-liner.......................................................................................

REQ_0d:                     info In total 150 chars in one-liner......................................................................................

REQ_1a:                     info Single Line Stripped

REQ_1b:
  type: information
  text:                     |
                            Multi Line:
                            - bla
                            - fasel

REQ_2a:                     h0 MyHeading
