document: test_setup

TS_R1:

TS_R2:

TS_R3:
  verification_methods: off_target

TS_R4:
  verification_methods: off_target

TS_R5:
  verification_methods: off_target, on_target
