document: test_module_1

test_id_3:
  text:                     Another test req
  refs: non_exist
