document: test_verification_methods

ID_1:
  verification_methods: none

ID_2:
  verification_methods: none
