document: abc

R0:
  text:                     INPLACE
