document: abc

R1:                         h1 Soso
