document: ABC

ID_1:
  text:                     document test
